#-----------------------------------------------------------
# Vivado v2023.2 (64-bit)
# SW Build 4029153 on Fri Oct 13 20:14:34 MDT 2023
# IP Build 4028589 on Sat Oct 14 00:45:43 MDT 2023
# SharedData Build 4025554 on Tue Oct 10 17:18:54 MDT 2023
# Start of session at: Sat Nov 25 22:23:45 2023
# Process ID: 30040
# Current directory: C:/Users/rojo_/COMPE475_Project/project_1_2023.2/project_1_2023.2.runs/MB1_ilmb_v10_0_synth_1
# Command line: vivado.exe -log MB1_ilmb_v10_0.vds -product Vivado -mode batch -messageDb vivado.pb -notrace -source MB1_ilmb_v10_0.tcl
# Log file: C:/Users/rojo_/COMPE475_Project/project_1_2023.2/project_1_2023.2.runs/MB1_ilmb_v10_0_synth_1/MB1_ilmb_v10_0.vds
# Journal file: C:/Users/rojo_/COMPE475_Project/project_1_2023.2/project_1_2023.2.runs/MB1_ilmb_v10_0_synth_1\vivado.jou
# Running On: LAPTOP-APNPFDQU, OS: Windows, CPU Frequency: 3194 MHz, CPU Physical cores: 16, Host memory: 16542 MB
#-----------------------------------------------------------
source MB1_ilmb_v10_0.tcl -notrace
